
> agent-scorecard-platform@0.4.0 test
> node --test tests/evaluate.test.mjs tests/scanner.test.mjs tests/crypto-e2ee.test.mjs tests/server.test.mjs

▶ generateKey
  ✔ returns a 64-character lowercase hex string (0.5407ms)
  ✔ produces a unique key on every call (0.1149ms)
✔ generateKey (1.118ms)
▶ generateSalt
  ✔ returns a 32-character hex string (16 bytes) (0.1397ms)
  ✔ produces a unique salt on every call (0.0773ms)
✔ generateSalt (0.2998ms)
▶ deriveKey
  ✔ is deterministic: same passphrase + salt produces same key (47.4624ms)
  ✔ produces different keys for different passphrases (44.6365ms)
  ✔ produces different keys for different salts (45.7394ms)
  ✔ throws for empty passphrase (0.4066ms)
  ✔ throws for invalid saltHex (0.0818ms)
✔ deriveKey (138.5414ms)
▶ encrypt / decrypt
  ✔ roundtrip: decrypt(encrypt(plaintext)) === plaintext (0.6465ms)
  ✔ encrypts to a non-empty base64 string different from plaintext (0.1739ms)
  ✔ produces different ciphertext on each call (random IV) (0.1188ms)
  ✔ throws when decrypting with the wrong key (0.094ms)
  ✔ throws when ciphertext is truncated / tampered (0.0988ms)
  ✔ works with empty string plaintext (0.0839ms)
  ✔ works with large JSON payload (0.2009ms)
✔ encrypt / decrypt (1.5375ms)
▶ deriveKey + encrypt / decrypt roundtrip
  ✔ passphrase-derived key can encrypt and decrypt (22.7123ms)
✔ deriveKey + encrypt / decrypt roundtrip (22.775ms)
▶ evaluate — good run
  ✔ computes a score above minimum threshold (0.419ms)
  ✔ passes all gates (0.1076ms)
  ✔ returns correct workflow pass rate (0.0572ms)
  ✔ returns zero critical failures (0.0707ms)
  ✔ returns safety score directly from scorecard (0.0607ms)
  ✔ produces five dimension entries (0.3999ms)
  ✔ weighted sum matches reported score (0.1196ms)
✔ evaluate — good run (1.8306ms)
▶ evaluate — failing run
  ✔ score is below minimum threshold (0.121ms)
  ✔ overall gate fails (0.1047ms)
  ✔ safety gate fails (0.1325ms)
  ✔ critical adversarial failures detected (0.0917ms)
✔ evaluate — failing run (0.6308ms)
▶ evaluate — regression gate
  ✔ passes when score improved from previous (0.1382ms)
  ✔ fails when score drops more than allowed (0.088ms)
✔ evaluate — regression gate (0.2967ms)
▶ evaluate — custom weights and thresholds
  ✔ respects custom minimum threshold (0.5779ms)
  ✔ respects custom weights (0.1085ms)
✔ evaluate — custom weights and thresholds (0.7371ms)
▶ gravio scanner
  ✔ writes evaluator-compatible latest run JSON (1088.5187ms)
  ✔ flags committed .env file as secret-scan failure (436.0981ms)
  ✔ does not read .env content and passes when .env is not tracked (186.3188ms)
✔ gravio scanner (1711.536ms)
agent-scorecard-platform running at http://localhost:55266
▶ GET /
  ✔ returns 200 with HTML content (9.9677ms)
  ✔ redirects fly host to canonical gravio.dev (0.9515ms)
✔ GET / (414.5672ms)
▶ GET /styles.css
  ✔ returns 200 with CSS content-type (1.1843ms)
✔ GET /styles.css (1.2809ms)
▶ GET /login
  ▶ GET /auth/sso/providers
    ✔ returns provider config flags (1.1678ms)
  ✔ GET /auth/sso/providers (1.2444ms)
  ✔ returns 200 with login HTML (1.0946ms)
✔ GET /login (2.4814ms)
▶ GET /dp
  ✔ returns 200 with admin HTML at /dp (auth guard is client-side) (1.0866ms)
  ✔ returns 404 for the old /admin URL (0.6679ms)
✔ GET /dp (1.8972ms)
▶ GET /tool
  ✔ permanently redirects to /dashboard (0.7924ms)
✔ GET /tool (0.8744ms)
▶ GET /onboarding
  ✔ returns 200 with onboarding HTML (1.2044ms)
✔ GET /onboarding (1.2872ms)
▶ GET /dashboard
  ✔ returns 200 with dashboard HTML (0.845ms)
✔ GET /dashboard (0.9078ms)
▶ GET /health
  ✔ returns {status: ok} (0.6337ms)
✔ GET /health (0.7249ms)
▶ POST /api/evaluate
  ✔ setup: authenticate user (23.789ms)
  ✔ returns 200 with score for valid run (1.1435ms)
  ✔ returns 401 when not authenticated (1.1083ms)
  ✔ returns 400 for missing run field (0.6024ms)
  ✔ path traversal is blocked with 403 (0.5284ms)
✔ POST /api/evaluate (27.3396ms)
▶ Auth — register / login / logout / me
  ✔ rejects weak registration passwords (1.6812ms)
  ✔ registers a new user and returns a session cookie (22.528ms)
  ✔ GET /api/me returns authenticated user (0.6729ms)
  ✔ GET /api/me returns 401 without session (0.457ms)
  ✔ registers duplicate email returns 400 (0.4808ms)
  ✔ login with correct credentials returns session (22.6629ms)
  ✔ login with wrong password returns 401 (22.1326ms)
  ✔ logout clears session (0.7263ms)
✔ Auth — register / login / logout / me (71.6255ms)
▶ Magic link — request + verify
  ✔ setup: register user for magic link tests (22.3198ms)
[DEV EMAIL] Magic link for magic-1778138157614@gravio.test:
http://localhost:55266/auth/magic-link/verify?token=Q2fPTtQ7msf_pvJcWWnhepsbowv4J_1t90pJrDp9DnA&next=%2Fdashboard
  ✔ POST /auth/magic-link/request returns 200 for existing email (1.5235ms)
  ✔ POST /auth/magic-link/request returns 200 for non-existent email (no enumeration) (0.5355ms)
  ✔ GET /auth/magic-link/verify redirects to /login?authError=magic_link_invalid for bad token (0.4995ms)
✔ Magic link — request + verify (25.0328ms)
▶ Password change — POST /auth/password/change
  ✔ setup: register user for password change tests (22.0744ms)
  ✔ rejects unauthenticated request (0.7551ms)
  ✔ rejects wrong current password (22.5127ms)
  ✔ rejects weak new password (22.9098ms)
  ✔ changes password successfully (44.0747ms)
✔ Password change — POST /auth/password/change (112.5031ms)
▶ API keys
  ✔ setup: register user (22.8605ms)
  ✔ generates an API key (1.2576ms)
  ✔ lists API keys (0.5896ms)
  ✔ Bearer API key authenticates /api/me (0.526ms)
✔ API keys (25.403ms)
▶ POST /api/keys/onboarding
  ✔ setup: register user (22.3096ms)
  ✔ returns 401 without session (0.6742ms)
  ✔ returns a user-bound gv_ key when authenticated (0.6548ms)
  ✔ rotating the key (second call) returns a fresh key and keeps only one onboarding key (1.5137ms)
✔ POST /api/keys/onboarding (25.2892ms)
▶ POST /api/publish + GET /api/runs/:projectId (authenticated)
  ✔ setup: register + create API key (24.0402ms)
  ✔ stores a run via Bearer key (0.6827ms)
  ✔ stores multiple scans for the same project (history model) (0.5342ms)
  ✔ retrieves stored run via session cookie (0.6117ms)
  ✔ returns project history with scans in latest-first order (1.2119ms)
  ✔ lists projects for relink flows (0.6032ms)
  ✔ renames a project id (1.1868ms)
  ✔ merges source project into destination project (3.1449ms)
  ✔ deletes selected scans with confirmation endpoint (1.8682ms)
  ✔ stores and retrieves encrypted run envelopes (1.2019ms)
  ✔ returns 401 for unauthenticated publish (0.4016ms)
  ✔ returns 401 for unauthenticated run fetch (0.3646ms)
  ✔ returns 404 for project belonging to another user (24.2767ms)
  ✔ returns 400 for invalid projectId on publish (0.5179ms)
  ✔ free tier enforces lifetime limit of 3 scans per email (25.7549ms)
  ✔ free tier receives generic rating only from /api/runs/:projectId (23.3962ms)
  ✔ paid tier receives full details from /api/runs/:projectId (23.6286ms)
✔ POST /api/publish + GET /api/runs/:projectId (authenticated) (133.8355ms)
▶ POST /api/scans/artifact + GET /api/projects/:id/streak
  ✔ setup: register user + create API key (23.9217ms)
  ✔ rejects artifact POST without auth (0.4521ms)
  ✔ rejects artifact POST with invalid projectId (0.4791ms)
  ✔ rejects artifact POST with missing overallScore (0.6834ms)
  ✔ stores artifact and returns streak (0.7742ms)
  ✔ GET /api/projects/:id/streak returns streak data (0.5226ms)
  ✔ GET /api/projects/:id/streak returns 401 without auth (0.3774ms)
  ✔ second artifact POST increments total and computes score deltas (0.5132ms)
✔ POST /api/scans/artifact + GET /api/projects/:id/streak (27.9351ms)
▶ Admin — user plan management
  ✔ GET /api/me includes plan field (0.5391ms)
  ✔ admin can upgrade a user plan to pro (1.0294ms)
  ✔ rejects invalid plan value with 400 (0.4829ms)
  ✔ rejects non-admin caller with 403 (0.4419ms)
  ✔ pro user is not blocked after 3 published projects (2.6368ms)
✔ Admin — user plan management (49.5247ms)
▶ POST /api/webhooks/lemonsqueezy
  ✔ rejects request with wrong signature — 401 (0.9896ms)
  ✔ rejects request with missing signature — 401 (0.5838ms)
  ✔ returns 200 for valid signature with unknown event name (0.9481ms)
  ✔ upgrades plan for order_created with valid signature and known user (23.6744ms)
  ✔ upgrades plan for subscription_payment_success (23.7935ms)
  ✔ returns 200 silently when email not in DB (0.6189ms)
  ✔ returns 200 silently for unrecognised plan value (0.4763ms)
  ✔ is idempotent for duplicate webhook payloads (24.0696ms)
  ✔ marks billing cancelled on subscription_cancelled (23.9183ms)
  ✔ downgrades to free on subscription_expired (23.8571ms)
✔ POST /api/webhooks/lemonsqueezy (123.3811ms)
▶ POST /api/billing actions
  ✔ returns 401 for unauthenticated billing action (0.8963ms)
  ✔ cancels and resumes linked subscription (25.5754ms)
  ✔ updates seats for linked subscription item (24.8636ms)
  ✔ rejects billing action when ownership check fails (25.9261ms)
✔ POST /api/billing actions (77.5363ms)
ℹ tests 120
ℹ suites 30
ℹ pass 120
ℹ fail 0
ℹ cancelled 0
ℹ skipped 0
ℹ todo 0
ℹ duration_ms 1784.2711
